[    0.000000] Linux version 4.15.0-212-generic (buildd@lcy02-amd64-083) (gcc version 7.5.0 (Ubuntu 7.5.0-3ubuntu1~18.04)) #223-Ubuntu SMP Tue May 23 13:09:22 UTC 2023 (Ubuntu 4.15.0-212.223-generic 4.15.18)
[    0.000000] Command line: BOOT_IMAGE=/boot/vmlinuz-4.15.0-212-generic root=LABEL=cloudimg-rootfs ro console=tty1 console=ttyS0
[    0.000000] KERNEL supported cpus:
[    0.000000]   Intel GenuineIntel
[    0.000000]   AMD AuthenticAMD
[    0.000000]   Centaur CentaurHauls
[    0.000000] x86/fpu: Supporting XSAVE feature 0x001: 'x87 floating point registers'
[    0.000000] x86/fpu: Supporting XSAVE feature 0x002: 'SSE registers'
[    0.000000] x86/fpu: Supporting XSAVE feature 0x004: 'AVX registers'
[    0.000000] x86/fpu: xstate_offset[2]:  576, xstate_sizes[2]:  256
[    0.000000] x86/fpu: Enabled xstate features 0x7, context size is 832 bytes, using 'standard' format.
[    0.000000] e820: BIOS-provided physical RAM map:
[    0.000000] BIOS-e820: [mem 0x0000000000000000-0x000000000009fbff] usable
[    0.000000] BIOS-e820: [mem 0x000000000009fc00-0x000000000009ffff] reserved
[    0.000000] BIOS-e820: [mem 0x00000000000f0000-0x00000000000fffff] reserved
[    0.000000] BIOS-e820: [mem 0x0000000000100000-0x000000003ffeffff] usable
[    0.000000] BIOS-e820: [mem 0x000000003fff0000-0x000000003fffffff] ACPI data
[    0.000000] BIOS-e820: [mem 0x00000000fec00000-0x00000000fec00fff] reserved
[    0.000000] BIOS-e820: [mem 0x00000000fee00000-0x00000000fee00fff] reserved
[    0.000000] BIOS-e820: [mem 0x00000000fffc0000-0x00000000ffffffff] reserved
[    0.000000] NX (Execute Disable) protection: active
[    0.000000] SMBIOS 2.5 present.
[    0.000000] DMI: innotek GmbH VirtualBox/VirtualBox, BIOS VirtualBox 12/01/2006
[    0.000000] Hypervisor detected: KVM
[    0.000000] e820: last_pfn = 0x3fff0 max_arch_pfn = 0x400000000
[    0.000000] MTRR: Disabled
[    0.000000] x86/PAT: MTRRs disabled, skipping PAT initialization too.
[    0.000000] CPU MTRRs all blank - virtualized system.
[    0.000000] x86/PAT: Configuration [0-7]: WB  WT  UC- UC  WB  WT  UC- UC  
[    0.000000] found SMP MP-table at [mem 0x0009fff0-0x0009ffff]
[    0.000000] Scanning 1 areas for low memory corruption
[    0.000000] RAMDISK: [mem 0x359cb000-0x36cdcfff]
[    0.000000] ACPI: Early table checksum verification disabled
[    0.000000] ACPI: RSDP 0x00000000000E0000 000024 (v02 VBOX  )
[    0.000000] ACPI: XSDT 0x000000003FFF0030 00003C (v01 VBOX   VBOXXSDT 00000001 ASL  00000061)
[    0.000000] ACPI: FACP 0x000000003FFF00F0 0000F4 (v04 VBOX   VBOXFACP 00000001 ASL  00000061)
[    0.000000] ACPI: DSDT 0x000000003FFF0610 002353 (v02 VBOX   VBOXBIOS 00000002 INTL 20100528)
[    0.000000] ACPI: FACS 0x000000003FFF0200 000040
[    0.000000] ACPI: FACS 0x000000003FFF0200 000040
[    0.000000] ACPI: APIC 0x000000003FFF0240 000054 (v02 VBOX   VBOXAPIC 00000001 ASL  00000061)
[    0.000000] ACPI: SSDT 0x000000003FFF02A0 00036C (v01 VBOX   VBOXCPUT 00000002 INTL 20100528)
[    0.000000] ACPI: Reserving FACP table memory at [mem 0x3fff00f0-0x3fff01e3]
[    0.000000] ACPI: Reserving DSDT table memory at [mem 0x3fff0610-0x3fff2962]
[    0.000000] ACPI: Reserving FACS table memory at [mem 0x3fff0200-0x3fff023f]
[    0.000000] ACPI: Reserving FACS table memory at [mem 0x3fff0200-0x3fff023f]
[    0.000000] ACPI: Reserving APIC table memory at [mem 0x3fff0240-0x3fff0293]
[    0.000000] ACPI: Reserving SSDT table memory at [mem 0x3fff02a0-0x3fff060b]
[    0.000000] No NUMA configuration found
[    0.000000] Faking a node at [mem 0x0000000000000000-0x000000003ffeffff]
[    0.000000] NODE_DATA(0) allocated [mem 0x3ffc5000-0x3ffeffff]
[    0.000000] kvm-clock: cpu 0, msr 0:3ff44001, primary cpu clock
[    0.000000] kvm-clock: Using msrs 4b564d01 and 4b564d00
[    0.000000] kvm-clock: using sched offset of 4426949190 cycles
[    0.000000] clocksource: kvm-clock: mask: 0xffffffffffffffff max_cycles: 0x1cd42e4dffb, max_idle_ns: 881590591483 ns
[    0.000000] Zone ranges:
[    0.000000]   DMA      [mem 0x0000000000001000-0x0000000000ffffff]
[    0.000000]   DMA32    [mem 0x0000000001000000-0x000000003ffeffff]
[    0.000000]   Normal   empty
[    0.000000]   Device   empty
[    0.000000] Movable zone start for each node
[    0.000000] Early memory node ranges
[    0.000000]   node   0: [mem 0x0000000000001000-0x000000000009efff]
[    0.000000]   node   0: [mem 0x0000000000100000-0x000000003ffeffff]
[    0.000000] Reserved but unavailable: 104 pages
[    0.000000] Initmem setup node 0 [mem 0x0000000000001000-0x000000003ffeffff]
[    0.000000] ACPI: PM-Timer IO Port: 0x4008
[    0.000000] IOAPIC[0]: apic_id 1, version 32, address 0xfec00000, GSI 0-23
[    0.000000] ACPI: INT_SRC_OVR (bus 0 bus_irq 0 global_irq 2 dfl dfl)
[    0.000000] ACPI: INT_SRC_OVR (bus 0 bus_irq 9 global_irq 9 low level)
[    0.000000] Using ACPI (MADT) for SMP configuration information
[    0.000000] smpboot: Allowing 1 CPUs, 0 hotplug CPUs
[    0.000000] PM: Registered nosave memory: [mem 0x00000000-0x00000fff]
[    0.000000] PM: Registered nosave memory: [mem 0x0009f000-0x0009ffff]
[    0.000000] PM: Registered nosave memory: [mem 0x000a0000-0x000effff]
[    0.000000] PM: Registered nosave memory: [mem 0x000f0000-0x000fffff]
[    0.000000] e820: [mem 0x40000000-0xfebfffff] available for PCI devices
[    0.000000] Booting paravirtualized kernel on KVM
[    0.000000] clocksource: refined-jiffies: mask: 0xffffffff max_cycles: 0xffffffff, max_idle_ns: 7645519600211568 ns
[    0.000000] setup_percpu: NR_CPUS:8192 nr_cpumask_bits:1 nr_cpu_ids:1 nr_node_ids:1
[    0.000000] percpu: Embedded 50 pages/cpu s167936 r8192 d28672 u2097152
[    0.000000] PV qspinlock hash table entries: 256 (order: 0, 4096 bytes)
[    0.000000] Built 1 zonelists, mobility grouping on.  Total pages: 257913
[    0.000000] Policy zone: DMA32
[    0.000000] Kernel command line: BOOT_IMAGE=/boot/vmlinuz-4.15.0-212-generic root=LABEL=cloudimg-rootfs ro console=tty1 console=ttyS0
[    0.000000] Memory: 982844K/1048120K available (12300K kernel code, 2477K rwdata, 4324K rodata, 2480K init, 2720K bss, 65276K reserved, 0K cma-reserved)
[    0.000000] SLUB: HWalign=64, Order=0-3, MinObjects=0, CPUs=1, Nodes=1
[    0.000000] Kernel/User page tables isolation: enabled
[    0.000000] ftrace: allocating 39508 entries in 155 pages
[    0.004000] Hierarchical RCU implementation.
[    0.004000] 	RCU restricting CPUs from NR_CPUS=8192 to nr_cpu_ids=1.
[    0.004000] 	Tasks RCU enabled.
[    0.004000] RCU: Adjusting geometry for rcu_fanout_leaf=16, nr_cpu_ids=1
[    0.004000] NR_IRQS: 524544, nr_irqs: 256, preallocated irqs: 16
[    0.004000] random: crng init done
[    0.004000] Console: colour VGA+ 80x25
[    0.004000] console [tty1] enabled
[    0.004000] console [ttyS0] enabled
[    0.004000] ACPI: Core revision 20170831
[    0.004000] ACPI: 2 ACPI AML tables successfully acquired and loaded
[    0.004000] APIC: Switch to symmetric I/O mode setup
[    0.004000] x2apic enabled
[    0.004011] Switched APIC routing to physical x2apic.
[    0.008000] ..TIMER: vector=0x30 apic1=0 pin1=2 apic2=-1 pin2=-1
[    0.008006] tsc: Detected 2194.916 MHz processor
[    0.012016] Calibrating delay loop (skipped) preset value.. 4389.83 BogoMIPS (lpj=8779664)
[    0.016005] pid_max: default: 32768 minimum: 301
[    0.018262] Security Framework initialized
[    0.020004] Yama: becoming mindful.
[    0.021724] AppArmor: AppArmor initialized
[    0.028104] Dentry cache hash table entries: 131072 (order: 8, 1048576 bytes)
[    0.032137] Inode-cache hash table entries: 65536 (order: 7, 524288 bytes)
[    0.035264] Mount-cache hash table entries: 2048 (order: 2, 16384 bytes)
[    0.036010] Mountpoint-cache hash table entries: 2048 (order: 2, 16384 bytes)
[    0.040662] process: using mwait in idle threads
[    0.044015] Last level iTLB entries: 4KB 64, 2MB 8, 4MB 8
[    0.046370] Last level dTLB entries: 4KB 64, 2MB 0, 4MB 0, 1GB 4
[    0.048005] Spectre V1 : Mitigation: usercopy/swapgs barriers and __user pointer sanitization
[    0.052006] Spectre V2 : Mitigation: Retpolines
[    0.054156] Spectre V2 : Spectre v2 / SpectreRSB mitigation: Filling RSB on context switch
[    0.056004] Spectre V2 : Spectre v2 / SpectreRSB : Filling RSB on VMEXIT
[    0.060004] Speculative Store Bypass: Vulnerable
[    0.062230] MDS: Mitigation: Clear CPU buffers
[    0.064004] MMIO Stale Data: Unknown: No mitigations
[    0.068004] SRBDS: Unknown: Dependent on hypervisor status
[    0.093966] Freeing SMP alternatives memory: 36K
[    0.207357] smpboot: CPU0: Intel(R) Core(TM) i5-5200U CPU @ 2.20GHz (family: 0x6, model: 0x3d, stepping: 0x4)
[    0.208157] Performance Events: unsupported p6 CPU model 61 no PMU driver, software events only.
[    0.212000] Hierarchical SRCU implementation.
[    0.212886] NMI watchdog: Perf event create on CPU 0 failed with -2
[    0.216003] NMI watchdog: Perf NMI watchdog permanently disabled
[    0.218628] smp: Bringing up secondary CPUs ...
[    0.220007] smp: Brought up 1 node, 1 CPU
[    0.221767] smpboot: Max logical packages: 1
[    0.224005] smpboot: Total of 1 processors activated (4389.83 BogoMIPS)
[    0.228209] devtmpfs: initialized
[    0.229884] x86/mm: Memory block size: 128MB
[    0.232481] evm: security.selinux
[    0.234030] evm: security.SMACK64
[    0.235667] evm: security.SMACK64EXEC
[    0.236006] evm: security.SMACK64TRANSMUTE
[    0.237780] evm: security.SMACK64MMAP
[    0.240004] evm: security.apparmor
[    0.241557] evm: security.ima
[    0.243104] evm: security.capability
[    0.244303] clocksource: jiffies: mask: 0xffffffff max_cycles: 0xffffffff, max_idle_ns: 7645041785100000 ns
[    0.248019] futex hash table entries: 256 (order: 2, 16384 bytes)
[    0.252071] pinctrl core: initialized pinctrl subsystem
[    0.254553] RTC time:  5:15:46, date: 12/02/23
[    0.256216] NET: Registered protocol family 16
[    0.260225] audit: initializing netlink subsys (disabled)
[    0.262818] cpuidle: using governor ladder
[    0.264000] cpuidle: using governor menu
[    0.264183] ACPI: bus type PCI registered
[    0.265866] acpiphp: ACPI Hot Plug PCI Controller Driver version: 0.5
[    0.268009] audit: type=2000 audit(1701494151.915:1): state=initialized audit_enabled=0 res=1
[    0.272190] PCI: Using configuration type 1 for base access
[    0.280618] HugeTLB registered 2.00 MiB page size, pre-allocated 0 pages
[    0.284302] ACPI: Added _OSI(Module Device)
[    0.288010] ACPI: Added _OSI(Processor Device)
[    0.289941] ACPI: Added _OSI(3.0 _SCP Extensions)
[    0.292009] ACPI: Added _OSI(Processor Aggregator Device)
[    0.296038] ACPI: Added _OSI(Linux-Dell-Video)
[    0.298074] ACPI: Added _OSI(Linux-Lenovo-NV-HDMI-Audio)
[    0.300005] ACPI: Added _OSI(Linux-HPI-Hybrid-Graphics)
[    0.304539] ACPI: Executed 1 blocks of module-level executable AML code
[    0.322073] ACPI: Interpreter enabled
[    0.323764] ACPI: (supports S0 S5)
[    0.324005] ACPI: Using IOAPIC for interrupt routing
[    0.328392] PCI: Using host bridge windows from ACPI; if necessary, use "pci=nocrs" and report a bug
[    0.332520] ACPI: Enabled 2 GPEs in block 00 to 07
[    0.358736] ACPI: PCI Root Bridge [PCI0] (domain 0000 [bus 00-ff])
[    0.360014] acpi PNP0A03:00: _OSC: OS supports [ASPM ClockPM Segments MSI]
[    0.365969] acpi PNP0A03:00: _OSC: not requesting OS control; OS requires [ExtendedConfig ASPM ClockPM MSI]
[    0.368034] acpi PNP0A03:00: fail to add MMCONFIG information, can't access extended PCI configuration space under this bridge.
[    0.373092] PCI host bridge to bus 0000:00
[    0.376007] pci_bus 0000:00: root bus resource [io  0x0000-0x0cf7 window]
[    0.378827] pci_bus 0000:00: root bus resource [io  0x0d00-0xffff window]
[    0.380006] pci_bus 0000:00: root bus resource [mem 0x000a0000-0x000bffff window]
[    0.384006] pci_bus 0000:00: root bus resource [mem 0x40000000-0xfdffffff window]
[    0.387358] pci_bus 0000:00: root bus resource [bus 00-ff]
[    0.395431] pci 0000:00:01.1: legacy IDE quirk: reg 0x10: [io  0x01f0-0x01f7]
[    0.396007] pci 0000:00:01.1: legacy IDE quirk: reg 0x14: [io  0x03f6]
[    0.400006] pci 0000:00:01.1: legacy IDE quirk: reg 0x18: [io  0x0170-0x0177]
[    0.402909] pci 0000:00:01.1: legacy IDE quirk: reg 0x1c: [io  0x0376]
[    0.432881] pci 0000:00:07.0: quirk: [io  0x4000-0x403f] claimed by PIIX4 ACPI
[    0.436007] pci 0000:00:07.0: quirk: [io  0x4100-0x410f] claimed by PIIX4 SMB
[    0.458935] ACPI: PCI Interrupt Link [LNKA] (IRQs 5 9 10 *11)
[    0.461279] ACPI: PCI Interrupt Link [LNKB] (IRQs 5 9 *10 11)
[    0.464401] ACPI: PCI Interrupt Link [LNKC] (IRQs 5 *9 10 11)
[    0.468307] ACPI: PCI Interrupt Link [LNKD] (IRQs 5 9 10 *11)
[    0.471679] SCSI subsystem initialized
[    0.472214] pci 0000:00:02.0: vgaarb: setting as boot VGA device
[    0.474737] pci 0000:00:02.0: vgaarb: VGA device added: decodes=io+mem,owns=io+mem,locks=none
[    0.476008] pci 0000:00:02.0: vgaarb: bridge control possible
[    0.480004] vgaarb: loaded
[    0.481361] ACPI: bus type USB registered
[    0.484051] usbcore: registered new interface driver usbfs
[    0.486396] usbcore: registered new interface driver hub
[    0.488024] usbcore: registered new device driver usb
[    0.492132] EDAC MC: Ver: 3.0.0
[    0.494225] PCI: Using ACPI for IRQ routing
[    0.496635] NetLabel: Initializing
[    0.498135] NetLabel:  domain hash size = 128
[    0.500006] NetLabel:  protocols = UNLABELED CIPSOv4 CALIPSO
[    0.502556] NetLabel:  unlabeled traffic allowed by default
[    0.504335] clocksource: Switched to clocksource kvm-clock
[    0.558211] VFS: Disk quotas dquot_6.6.0
[    0.560015] VFS: Dquot-cache hash table entries: 512 (order 0, 4096 bytes)
[    0.563023] AppArmor: AppArmor Filesystem Enabled
[    0.565163] pnp: PnP ACPI init
[    0.569937] pnp: PnP ACPI: found 3 devices
[    0.579720] clocksource: acpi_pm: mask: 0xffffff max_cycles: 0xffffff, max_idle_ns: 2085701024 ns
[    0.583606] NET: Registered protocol family 2
[    0.585575] IP idents hash table entries: 16384 (order: 5, 131072 bytes)
[    0.588726] TCP established hash table entries: 8192 (order: 4, 65536 bytes)
[    0.591646] TCP bind hash table entries: 8192 (order: 5, 131072 bytes)
[    0.594301] TCP: Hash tables configured (established 8192 bind 8192)
[    0.601682] UDP hash table entries: 512 (order: 2, 16384 bytes)
[    0.604221] UDP-Lite hash table entries: 512 (order: 2, 16384 bytes)
[    0.606829] NET: Registered protocol family 1
[    0.608789] pci 0000:00:00.0: Limiting direct PCI/PCI transfers
[    0.611292] pci 0000:00:01.0: Activating ISA DMA hang workarounds
[    0.614076] pci 0000:00:02.0: Video device with shadowed ROM at [mem 0x000c0000-0x000dffff]
[    0.617971] Unpacking initramfs...
[    1.485569] Freeing initrd memory: 19528K
[    1.487575] clocksource: tsc: mask: 0xffffffffffffffff max_cycles: 0x1fa3704c1a9, max_idle_ns: 440795296692 ns
[    1.491731] platform rtc_cmos: registered platform RTC device (no PNP device found)
[    1.495081] Scanning for low memory corruption every 60 seconds
[    1.498683] Initialise system trusted keyrings
[    1.500940] Key type blacklist registered
[    1.502750] workingset: timestamp_bits=36 max_order=18 bucket_order=0
[    1.508751] zbud: loaded
[    1.511212] squashfs: version 4.0 (2009/01/31) Phillip Lougher
[    1.514155] fuse init (API version 7.26)
[    1.518204] Key type asymmetric registered
[    1.520039] Asymmetric key parser 'x509' registered
[    1.522206] Block layer SCSI generic (bsg) driver version 0.4 loaded (major 246)
[    1.525569] io scheduler noop registered
[    1.527352] io scheduler deadline registered
[    1.529410] io scheduler cfq registered (default)
[    1.531965] ACPI: AC Adapter [AC] (on-line)
[    1.533873] input: Power Button as /devices/LNXSYSTM:00/LNXPWRBN:00/input/input0
[    1.537161] ACPI: Power Button [PWRF]
[    1.539109] input: Sleep Button as /devices/LNXSYSTM:00/LNXSLPBN:00/input/input1
[    1.542452] ACPI: Sleep Button [SLPF]
[    1.546979] ACPI: Battery Slot [BAT0] (battery present)
[    1.549643] Serial: 8250/16550 driver, 32 ports, IRQ sharing enabled
[    1.573796] 00:02: ttyS0 at I/O 0x3f8 (irq = 4, base_baud = 115200) is a 16550A
[    1.581378] Linux agpgart interface v0.103
[    1.585769] loop: module loaded
[    1.588349] scsi host0: ata_piix
[    1.590001] scsi host1: ata_piix
[    1.591584] ata1: PATA max UDMA/33 cmd 0x1f0 ctl 0x3f6 bmdma 0xd000 irq 14
[    1.594380] ata2: PATA max UDMA/33 cmd 0x170 ctl 0x376 bmdma 0xd008 irq 15
[    1.598088] tun: Universal TUN/TAP device driver, 1.6
[    1.600326] PPP generic driver version 2.4.2
[    1.602339] ehci_hcd: USB 2.0 'Enhanced' Host Controller (EHCI) Driver
[    1.605164] ehci-pci: EHCI PCI platform driver
[    1.607116] ehci-platform: EHCI generic platform driver
[    1.609400] ohci_hcd: USB 1.1 'Open' Host Controller (OHCI) Driver
[    1.612082] ohci-pci: OHCI PCI platform driver
[    1.614636] ohci-platform: OHCI generic platform driver
[    1.617467] uhci_hcd: USB Universal Host Controller Interface driver
[    1.620175] i8042: PNP: PS/2 Controller [PNP0303:PS2K,PNP0f03:PS2M] at 0x60,0x64 irq 1,12
[    1.624640] serio: i8042 KBD port at 0x60,0x64 irq 1
[    1.627026] serio: i8042 AUX port at 0x60,0x64 irq 12
[    1.629647] mousedev: PS/2 mouse device common for all mice
[    1.632785] input: AT Translated Set 2 keyboard as /devices/platform/i8042/serio0/input/input2
[    1.637596] rtc_cmos rtc_cmos: rtc core: registered rtc_cmos as rtc0
[    1.640928] rtc_cmos rtc_cmos: alarms up to one day, 114 bytes nvram
[    1.643798] i2c /dev entries driver
[    1.645836] device-mapper: uevent: version 1.0.3
[    1.648344] device-mapper: ioctl: 4.37.0-ioctl (2017-09-20) initialised: dm-devel@redhat.com
[    1.652280] ledtrig-cpu: registered to indicate activity on CPUs
[    1.655916] NET: Registered protocol family 10
[    1.667556] Segment Routing with IPv6
[    1.669831] NET: Registered protocol family 17
[    1.672323] Key type dns_resolver registered
[    1.675278] mce: Using 0 MCE banks
[    1.677623] RAS: Correctable Errors collector initialized.
[    1.680588] sched_clock: Marking stable (1677541183, 0)->(2183137011, -505595828)
[    1.684337] registered taskstats version 1
[    1.686430] Loading compiled-in X.509 certificates
[    1.693493] Loaded X.509 cert 'Build time autogenerated kernel key: b5b26778eaa3ab3a4a6cee031137706e947d12ad'
[    1.699632] Loaded X.509 cert 'Canonical Ltd. Live Patch Signing: 14df34d1a87cf37625abec039ef2bf521249b969'
[    1.705365] Loaded X.509 cert 'Canonical Ltd. Kernel Module Signing: 88f752e560a1e0737e31163a466ad7b70a850c19'
[    1.709958] blacklist: Loading compiled-in revocation X.509 certificates
[    1.713301] Loaded X.509 cert 'Canonical Ltd. Secure Boot Signing: 61482aa2830d0ab2ad5af10b7250da9033ddcef0'
[    1.718337] Loaded X.509 cert 'Canonical Ltd. Secure Boot Signing (2017): 242ade75ac4a15e50d50c84b0d45ff3eae707a03'
[    1.723179] Loaded X.509 cert 'Canonical Ltd. Secure Boot Signing (ESM 2018): 365188c1d374d6b07c3c8f240f8ef722433d6a8b'
[    1.728301] Loaded X.509 cert 'Canonical Ltd. Secure Boot Signing (2019): c0746fd6c5da3ae827864651ad66ae47fe24b3e8'
[    1.733208] Loaded X.509 cert 'Canonical Ltd. Secure Boot Signing (2021 v1): a8d54bbb3825cfb94fa13c9f8a594a195c107b8d'
[    1.739556] Loaded X.509 cert 'Canonical Ltd. Secure Boot Signing (2021 v2): 4cf046892d6fd3c9a5b03f98d845f90851dc6a8c'
[    1.745945] Loaded X.509 cert 'Canonical Ltd. Secure Boot Signing (2021 v3): 100437bb6de6e469b581e61cd66bce3ef4ed53af'
[    1.752259] Loaded X.509 cert 'Canonical Ltd. Secure Boot Signing (Ubuntu Core 2019): c1d57b8f6b743f23ee41f4f7ee292f06eecadfb9'
[    1.785179] zswap: loaded using pool lzo/zbud
[    1.793904] Key type big_key registered
[    1.795782] Key type trusted registered
[    1.800903] Key type encrypted registered
[    1.802823] AppArmor: AppArmor sha1 policy hashing enabled
[    1.805280] ima: No TPM chip found, activating TPM-bypass! (rc=-19)
[    1.808065] ima: Allocated hash algorithm: sha1
[    1.810213] evm: HMAC attrs: 0x1
[    1.812231]   Magic number: 3:434:263
[    1.814036] rtc_cmos rtc_cmos: setting system clock to 2023-12-02 05:15:47 UTC (1701494147)
[    1.818022] BIOS EDD facility v0.16 2004-Jun-25, 0 devices found
[    1.820618] EDD information not available.
[    1.834696] Freeing unused kernel image memory: 2480K
[    1.844047] Write protecting the kernel read-only data: 20480k
[    1.848150] Freeing unused kernel image memory: 2008K
[    1.851115] Freeing unused kernel image memory: 1820K
[    1.894215] x86/mm: Checked W+X mappings: passed, no W+X pages found.
[    1.897064] x86/mm: Checking user space page tables
[    1.939366] x86/mm: Checked W+X mappings: passed, no W+X pages found.
Loading, please wait...
starting version 237
[    2.195323] e1000: Intel(R) PRO/1000 Network Driver - version 7.3.21-k8-NAPI
[    2.199150] e1000: Copyright (c) 1999-2006 Intel Corporation.
[    2.214627] Fusion MPT base driver 3.04.20
[    2.216792] Copyright (c) 1999-2008 LSI Corporation
[    2.262161] Fusion MPT SPI Host driver 3.04.20
[    2.340822] AVX2 version of gcm_enc/dec engaged.
[    2.343004] AES CTR mode by8 optimization enabled
[    2.447347] input: ImExPS/2 Generic Explorer Mouse as /devices/platform/i8042/serio1/input/input4
[    2.848923] e1000 0000:00:03.0 eth0: (PCI:33MHz:32-bit) 02:3b:7b:b7:3b:2d
[    2.851803] e1000 0000:00:03.0 eth0: Intel(R) PRO/1000 Network Connection
[    2.857255] mptbase: ioc0: Initiating bringup
[    2.964576] ioc0: LSI53C1030 A0: Capabilities={Initiator}
[    3.210293] scsi host2: ioc0: LSI53C1030 A0, FwRev=00000000h, Ports=1, MaxQ=256, IRQ=20
[    3.380827] scsi 2:0:0:0: Direct-Access     VBOX     HARDDISK         1.0  PQ: 0 ANSI: 5
[    3.390732] scsi target2:0:0: Beginning Domain Validation
[    3.395424] scsi target2:0:0: Domain Validation skipping write tests
[    3.398073] scsi target2:0:0: Ending Domain Validation
[    3.400315] scsi target2:0:0: asynchronous
[    3.403197] scsi 2:0:1:0: Direct-Access     VBOX     HARDDISK         1.0  PQ: 0 ANSI: 5
[    3.407015] scsi target2:0:1: Beginning Domain Validation
[    3.411090] scsi target2:0:1: Domain Validation skipping write tests
[    3.413785] scsi target2:0:1: Ending Domain Validation
[    3.416009] scsi target2:0:1: asynchronous
[    3.432423] sd 2:0:0:0: [sda] 83886080 512-byte logical blocks: (42.9 GB/40.0 GiB)
[    3.435845] sd 2:0:0:0: Attached scsi generic sg0 type 0
[    3.444712] sd 2:0:0:0: [sda] Write Protect is off
[    3.447421] sd 2:0:0:0: [sda] Incomplete mode parameter data
[    3.449963] sd 2:0:0:0: [sda] Assuming drive cache: write through
[    3.452857] sd 2:0:1:0: [sdb] 20480 512-byte logical blocks: (10.5 MB/10.0 MiB)
[    3.456470] sd 2:0:1:0: Attached scsi generic sg1 type 0
[    3.458919] sd 2:0:1:0: [sdb] Write Protect is off
[    3.462217] sd 2:0:1:0: [sdb] Incomplete mode parameter data
[    3.464672] sd 2:0:1:0: [sdb] Assuming drive cache: write through
[    3.474985]  sda: sda1
[    3.477916] sd 2:0:0:0: [sda] Attached SCSI disk
[    3.480290] sd 2:0:1:0: [sdb] Attached SCSI disk
[    3.963854] e1000 0000:00:08.0 eth1: (PCI:33MHz:32-bit) 08:00:27:53:37:8f
[    3.967188] e1000 0000:00:08.0 eth1: Intel(R) PRO/1000 Network Connection
[    3.973486] e1000 0000:00:08.0 enp0s8: renamed from eth1
[    3.983440] e1000 0000:00:03.0 enp0s3: renamed from eth0
Begin: Loading essential drivers ... [    6.244067] raid6: sse2x1   gen()  2234 MB/s
[    6.292069] raid6: sse2x1   xor()  1466 MB/s
[    6.340062] raid6: sse2x2   gen()  5066 MB/s
[    6.388074] raid6: sse2x2   xor()  2382 MB/s
[    6.436051] raid6: sse2x4   gen()  5704 MB/s
[    6.484082] raid6: sse2x4   xor()  3315 MB/s
[    6.532058] raid6: avx2x1   gen()  4493 MB/s
[    6.580098] raid6: avx2x1   xor()  2389 MB/s
[    6.628100] raid6: avx2x2   gen()  7709 MB/s
[    6.676077] raid6: avx2x2   xor()  3556 MB/s
[    6.724072] raid6: avx2x4   gen()  9361 MB/s
[    6.772060] raid6: avx2x4   xor()  6216 MB/s
[    6.773876] raid6: using algorithm avx2x4 gen() 9361 MB/s
[    6.776209] raid6: .... xor() 6216 MB/s, rmw enabled
[    6.778401] raid6: using avx2x2 recovery algorithm
[    6.783812] xor: automatically using best checksumming function   avx       
[    6.790064] async_tx: api initialized (async)
done.
Begin: Running /scripts/init-premount ... done.
Begin: Mounting root file system ... Begin: Running /scripts/local-top ... done.
Begin: Running /scripts/local-premount ... [    6.927273] Btrfs loaded, crc32c=crc32c-intel
Scanning for Btrfs filesystems
done.
Warning: fsck not present, so skipping root file system
[    6.984777] EXT4-fs (sda1): mounted filesystem with ordered data mode. Opts: (null)
done.
Begin: Running /scripts/local-bottom ... done.
Begin: Running /scripts/init-bottom ... done.
[    7.282599] ip_tables: (C) 2000-2006 Netfilter Core Team
[    7.302530] systemd[1]: systemd 237 running in system mode. (+PAM +AUDIT +SELINUX +IMA +APPARMOR +SMACK +SYSVINIT +UTMP +LIBCRYPTSETUP +GCRYPT +GNUTLS +ACL +XZ +LZ4 +SECCOMP +BLKID +ELFUTILS +KMOD -IDN2 +IDN -PCRE2 default-hierarchy=hybrid)
[    7.312252] systemd[1]: Detected virtualization oracle.
[    7.314450] systemd[1]: Detected architecture x86-64.

Welcome to [1mUbuntu 18.04.6 LTS[0m!

[    7.322161] systemd[1]: Set hostname to <ubuntu>.
[    7.328847] systemd[1]: Initializing machine ID from random generator.
[    7.331601] systemd[1]: Installed transient /etc/machine-id file.
[    7.711619] systemd[1]: Reached target User and Group Name Lookups.
[[0;32m  OK  [0m] Reached target User and Group Name Lookups.
[    7.716855] systemd[1]: Reached target Mounting snaps.
[[0;32m  OK  [0m] Reached target Mounting snaps.
[    7.722373] systemd[1]: Reached target System Time Synchronized.
[[0;32m  OK  [0m] Reached target System Time Synchronized.
[    7.729771] systemd[1]: Created slice System Slice.
[[0;32m  OK  [0m] Created slice System Slice.
[[0;32m  OK  [0m] Created slice system-serial\x2dgetty.slice.
[[0;32m  OK  [0m] Listening on Journal Audit Socket.
[[0;32m  OK  [0m] Listening on udev Control Socket.
[[0;32m  OK  [0m] Listening on Syslog Socket.
[[0;32m  OK  [0m] Listening on Journal Socket (/dev/log).
[[0;32m  OK  [0m] Set up automount Arbitrary Executabâ€¦rmats File System Automount Point.
[[0;32m  OK  [0m] Listening on Device-mapper event daemon FIFOs.
[[0;32m  OK  [0m] Listening on Journal Socket.
         Mounting Huge Pages File System...
         Mounting Kernel Debug File System...
         Starting Create list of required stâ€¦ce nodes for the current kernel...
         Starting Set the console keyboard layout...
[[0;32m  OK  [0m] Listening on /dev/initctl Compatibility Named Pipe.
         Starting Journal Service...
[[0;32m  OK  [0m] Listening on udev Kernel Socket.
         Starting udev Coldplug all Devices...
         Starting Uncomplicated firewall...
         Starting Load Kernel Modules...
[[0;32m  OK  [0m] Started Forward Password Requests to Wall Directory Watch.
[[0;32m  OK  [0m] Reached target Mounted snaps.
[[0;32m  OK  [0m] Created slice User and Session Slice.
[[0;32m  OK  [0m] Reached target Slices.
[[0;32m  OK  [0m] Listening on fsck to fsckd communication Socket.
         Starting File System Check on Root Device...
[[0;32m  OK  [0m] Listening on LVM2 metadata daemon socket.
         Starting Monitoring of LVM2 mirrorsâ€¦ng dmeventd or progress polling...
[[0;32m  OK  [0m] Reached target Swap.
         Mounting POSIX Message Queue File System...
[[0;32m  OK  [0m] Listening on Network Service Netlink Socket.
[[0;32m  OK  [0m] Listening on LVM2 poll daemon socket.
[[0;32m  OK  [0m] Mounted Huge Pages File System.
[[0;32m  OK  [0m] Mounted Kernel Debug File System.
[[0;32m  OK  [0m] Started Create list of required staâ€¦vice nodes for the current kernel.
[[0;32m  OK  [0m] Started Uncomplicated firewall.
[[0;32m  OK  [0m] Mounted POSIX Message Queue File System.
         Starting Create Static Device Nodes in /dev...
[[0;32m  OK  [0m] Started File System Check Daemon to report status.
[    8.014320] Loading iSCSI transport class v2.0-870.
[[0;32m  OK  [0m] Started Create Static Device Nodes in /dev.
[[0;32m  OK  [0m] Started File System Check on Root Device.
         Starting Remount Root and Kernel File Systems...
[    8.139212] iscsi: registered transport (tcp)
[[0;32m  OK  [0m] Started LVM2 metadata daemon.
[    8.188849] EXT4-fs (sda1): re-mounted. Opts: (null)
[[0;32m  OK  [0m] Started Remount Root and Kernel File Systems.
         Starting Load/Save Random Seed...
         Starting udev Kernel Device Manager...
[[0;32m  OK  [0m] Started Monitoring of LVM2 mirrors,â€¦sing dmeventd or progress polling.
[[0;32m  OK  [0m] Started Journal Service.
         Starting Flush Journal to Persistent Storage...
[[0;32m  OK  [0m] Started udev Kernel Device Manager.
[[0;32m  OK  [0m] Started Load/Save Random Seed.
[    8.384207] systemd-journald[391]: Received request to flush runtime journal from PID 1
[    8.425952] iscsi: registered transport (iser)
[[0;32m  OK  [0m] Started Load Kernel Modules.
         Starting Apply Kernel Variables...
         Mounting FUSE Control File System...
         Mounting Kernel Configuration File System...
[[0;32m  OK  [0m] Mounted FUSE Control File System.
[[0;32m  OK  [0m] Mounted Kernel Configuration File System.
[[0;32m  OK  [0m] Started Flush Journal to Persistent Storage.
[[0;32m  OK  [0m] Started Apply Kernel Variables.
[[0;32m  OK  [0m] Started udev Coldplug all Devices.
[[0;32m  OK  [0m] Found device /dev/ttyS0.
[[0;32m  OK  [0m] Listening on Load/Save RF Kill Switch Status /dev/rfkill Watch.
         Mounting Arbitrary Executable File Formats File System...
[[0;32m  OK  [0m] Mounted Arbitrary Executable File Formats File System.
[[0;32m  OK  [0m] Started Set the console keyboard layout.
[[0;32m  OK  [0m] Reached target Local File Systems (Pre).
[[0;32m  OK  [0m] Reached target Local File Systems.
         Starting Set console font and keymap...
         Starting Create Volatile Files and Directories...
         Starting Commit a transient machine-id on disk...
         Starting AppArmor initialization...
         Starting ebtables ruleset management...
         Starting Tell Plymouth To Write Out Runtime Data...
[[0;32m  OK  [0m] Started Dispatch Password Requests to Console Directory Watch.
[[0;32m  OK  [0m] Reached target Local Encrypted Volumes.
[[0;32m  OK  [0m] Started Tell Plymouth To Write Out Runtime Data.
[[0;32m  OK  [0m] Started Commit a transient machine-id on disk.
[[0;32m  OK  [0m] Started Create Volatile Files and Directories.
         Starting Update UTMP about System Boot/Shutdown...
[[0;32m  OK  [0m] Started Update UTMP about System Boot/Shutdown.
[[0;32m  OK  [0m] Started ebtables ruleset management.
[[0;32m  OK  [0m] Started Set console font and keymap.
[[0;32m  OK  [0m] Started AppArmor initialization.
         Starting Load AppArmor profiles managed internally by snapd...
         Starting Initial cloud-init job (pre-networking)...
[[0;32m  OK  [0m] Started Load AppArmor profiles managed internally by snapd.
[   22.197441] cloud-init[790]: Cloud-init v. 23.1.2-0ubuntu0~18.04.1 running 'init-local' at Sat, 02 Dec 2023 05:16:07 +0000. Up 21.39 seconds.
[[0;32m  OK  [0m] Started Initial cloud-init job (pre-networking).
[[0;32m  OK  [0m] Reached target Network (Pre).
         Starting Network Service...
[[0;32m  OK  [0m] Started Network Service.
         Starting Wait for Network to be Configured...
         Starting Network Name Resolution...
[[0;32m  OK  [0m] Started Network Name Resolution.
[[0;32m  OK  [0m] Reached target Network.
[[0;32m  OK  [0m] Reached target Host and Network Name Lookups.
[[0;32m  OK  [0m] Started Wait for Network to be Configured.
         Starting Initial cloud-init job (metadata service crawler)...
[   25.948256] cloud-init[873]: Cloud-init v. 23.1.2-0ubuntu0~18.04.1 running 'init' at Sat, 02 Dec 2023 05:16:11 +0000. Up 25.52 seconds.
[   25.960580] cloud-init[873]: ci-info: ++++++++++++++++++++++++++++++++++++++Net device info+++++++++++++++++++++++++++++++++++++++
[   25.968487] cloud-init[873]: ci-info: +--------+-------+----------------------------+---------------+--------+-------------------+
[   25.972719] cloud-init[873]: ci-info: | Device |   Up  |          Address           |      Mask     | Scope  |     Hw-Address    |
[   25.984224] cloud-init[873]: ci-info: +--------+-------+----------------------------+---------------+--------+-------------------+
[   25.992491] cloud-init[873]: ci-info: | enp0s3 |  True |         10.0.2.15          | 255.255.255.0 | global | 02:3b:7b:b7:3b:2d |
[   26.000403] cloud-init[873]: ci-info: | enp0s3 |  True | fe80::3b:7bff:feb7:3b2d/64 |       .       |  link  | 02:3b:7b:b7:3b:2d |
[   26.008662] cloud-init[873]: ci-info: | enp0s8 | False |             .              |       .       |   .    | 08:00:27:53:37:8f |
[   26.020343] cloud-init[873]: ci-info: |   lo   |  True |         127.0.0.1          |   255.0.0.0   |  host  |         .         |
[   26.023876] cloud-init[873]: ci-info: |   lo   |  True |          ::1/128           |       .       |  host  |         .         |
[   26.036541] cloud-init[873]: ci-info: +--------+-------+----------------------------+---------------+--------+-------------------+
[   26.039687] cloud-init[873]: ci-info: ++++++++++++++++++++++++++++Route IPv4 info+++++++++++++++++++++++++++++
[   26.048019] cloud-init[873]: ci-info: +-------+-------------+----------+-----------------+-----------+-------+
[   26.056379] cloud-init[873]: ci-info: | Route | Destination | Gateway  |     Genmask     | Interface | Flags |
[   26.066972] cloud-init[873]: ci-info: +-------+-------------+----------+-----------------+-----------+-------+
[   26.076381] cloud-init[873]: ci-info: |   0   |   0.0.0.0   | 10.0.2.2 |     0.0.0.0     |   enp0s3  |   UG  |
[   26.084570] cloud-init[873]: ci-info: |   1   |   10.0.2.0  | 0.0.0.0  |  255.255.255.0  |   enp0s3  |   U   |
[   26.092640] cloud-init[873]: ci-info: |   2   |   10.0.2.2  | 0.0.0.0  | 255.255.255.255 |   enp0s3  |   UH  |
[   26.100540] cloud-init[873]: ci-info: +-------+-------------+----------+-----------------+-----------+-------+
[   26.110543] cloud-init[873]: ci-info: +++++++++++++++++++Route IPv6 info+++++++++++++++++++
[   26.116645] cloud-init[873]: ci-info: +-------+-------------+---------+-----------+-------+
[   26.124426] cloud-init[873]: ci-info: | Route | Destination | Gateway | Interface | Flags |
[   26.140432] cloud-init[873]: ci-info: +-------+-------------+---------+-----------+-------+
[   26.148278] cloud-init[873]: ci-info: |   1   |  fe80::/64  |    ::   |   enp0s3  |   U   |
[   26.156432] cloud-init[873]: ci-info: |   3   |    local    |    ::   |   enp0s3  |   U   |
[   26.162156] cloud-init[873]: ci-info: |   4   |   ff00::/8  |    ::   |   enp0s3  |   U   |
[   26.168751] cloud-init[873]: ci-info: +-------+-------------+---------+-----------+-------+
[   27.710043] cloud-init[873]: Generating public/private rsa key pair.
[   27.712703] cloud-init[873]: Your identification has been saved in /etc/ssh/ssh_host_rsa_key.
[   27.720362] cloud-init[873]: Your public key has been saved in /etc/ssh/ssh_host_rsa_key.pub.
[   27.728289] cloud-init[873]: The key fingerprint is:
[   27.732263] cloud-init[873]: SHA256:EX8GA01RjIXpt+Iq2WVxwUYUBMPeP96ht+JmgBeUACU root@ubuntu-bionic
[   27.740393] cloud-init[873]: The key's randomart image is:
[   27.744382] cloud-init[873]: +---[RSA 2048]----+
[   27.752276] cloud-init[873]: |       E=BO#O.   |
[   27.753955] cloud-init[873]: |        .o**=    |
[   27.760325] cloud-init[873]: |        .oooo.   |
[   27.762190] cloud-init[873]: |         .+++    |
[   27.763967] cloud-init[873]: |        S .+.o   |
[   27.769757] cloud-init[873]: |         .+o. o. |
[   27.772501] cloud-init[873]: |       o +.....o.|
[   27.780326] cloud-init[873]: |      o . .  =...|
[   27.781917] cloud-init[873]: |       ...  +.o..|
[   27.783598] cloud-init[873]: +----[SHA256]-----+
[   27.791624] cloud-init[873]: Generating public/private dsa key pair.
[   27.794306] cloud-init[873]: Your identification has been saved in /etc/ssh/ssh_host_dsa_key.
[   27.800580] cloud-init[873]: Your public key has been saved in /etc/ssh/ssh_host_dsa_key.pub.
[   27.808350] cloud-init[873]: The key fingerprint is:
[   27.816253] cloud-init[873]: SHA256:H63RmIN2hinbLKgltVEg32NGERr7CbqkqWlDb5GaLx4 root@ubuntu-bionic
[   27.819907] cloud-init[873]: The key's randomart image is:
[   27.825929] cloud-init[873]: +---[DSA 1024]----+
[   27.832304] cloud-init[873]: |  . o +o         |
[   27.834391] cloud-init[873]: |   o B           |
[   27.840606] cloud-init[873]: |    = *          |
[   27.842935] cloud-init[873]: |   . * o + =     |
[   27.849073] cloud-init[873]: |  o + + S O o    |
[   27.852297] cloud-init[873]: | = = + * + =     |
[   27.856523] cloud-init[873]: |+E* = o o o      |
[   27.864427] cloud-init[873]: |.B.*   .         |
[   27.868337] cloud-init[873]: |=.*.             |
[   27.876380] cloud-init[873]: +----[SHA256]-----+
[   27.878425] cloud-init[873]: Generating public/private ecdsa key pair.
[   27.884624] cloud-init[873]: Your identification has been saved in /etc/ssh/ssh_host_ecdsa_key.
[   27.887882] cloud-init[873]: Your public key has been saved in /etc/ssh/ssh_host_ecdsa_key.pub.
[   27.894915] cloud-init[873]: The key fingerprint is:
[   27.900587] cloud-init[873]: SHA256:ZEk1XarJMLRccI1Dbn75dsWpTwsOqa0SDfCBxi9XH1k root@ubuntu-bionic
[   27.908397] cloud-init[873]: The key's randomart image is:
[   27.910841] cloud-init[873]: +---[ECDSA 256]---+
[   27.917182] cloud-init[873]: |    . . ++*+oE.  |
[   27.919004] cloud-init[873]: |     = = Bo+o.   |
[   27.924502] cloud-init[873]: |    . + @ +.o    |
[   27.928293] cloud-init[873]: |     . B * + . ..|
[   27.932309] cloud-init[873]: |      o S = o  .o|
[   27.936278] cloud-init[873]: |       . . .... .|
[   27.940318] cloud-init[873]: |        .  o oo..|
[   27.944585] cloud-init[873]: |       .  o o.+..|
[   27.948329] cloud-init[873]: |        .o.. . o |
[   27.952297] cloud-init[873]: +----[SHA256]-----+
[   27.957080] cloud-init[873]: Generating public/private ed25519 key pair.
[   27.964948] cloud-init[873]: Your identification has been saved in /etc/ssh/ssh_host_ed25519_key.
[[0;32m  OK  [0m] Started Initial cloud-init job (metadata service crawler).[   27.973695] cloud-init[873]: Your public key has been saved in /etc/ssh/ssh_host_ed25519_key.pub.
[[0;32m  OK  [0m] Reached target Network is Online.

[   27.980924] cloud-init[873]: The key fingerprint is:
[   27.983554]          Starting Availability of block devices...
[[0;32m  OK  [0m] Reached target Remote File Systems (Pre).cloud-init[873]: 
[[0;32m  OK  [0m] Reached target Remote File Systems.
[[0;32m  OK  [0mSHA256:jvMU/pylTY0oa2IOJZ1xc5wQETjcbazTPueO9QqQC/o root@ubuntu-bionic
] Reached target System Initialization.
[[0;32m  OK  [0m] Listening on cloud-init hotplug hook socket.[   28.017996] cloud-init[873]: The key's randomart image is:
[[0;32m  OK  [0m] Started Daily Cleanup of Temporary Directories.
[[0;32m  OK  [0m] Started ACPI Events Check.
[[0;32m  OK  [0m] Reached target Paths.

[   28.029962] cloud-init[873]: +--[ED25519 256]--+
[[0;32m  OK  [0m] Started Ubuntu Advantage Timer for running repeated jobs.
         Starting Socket activation for snappy daemon.
[   28.043878] cloud-init[873]: |     . o=*       |
[[0;32m  OK  [0m] Listening on ACPID Listen Socket.
[[   28.054696] cloud-init[873]: |      + .o+.     |[0;32m  OK  [0m] Started Discard unused blocks once a week.
[[0;32m  OK  [0m] Listening on Open-iSCSI iscsid Socket.
[   28.063098] cloud-init[873]: 
[[0;32m  OK  [0m] Listening on D-Bus System Message Bus Socket.
[[0;32m  OK  [0m|      ..o++      |
[   28.071459] cloud-init] Listening on UUID daemon activation socket.
         Starting LXD - unix socket.
[873]: |     . +o+.      |
[   28.083700] [[0;32m  OK  [0m] Started Message of the Day.
[[0;32m  OK  [0m] Started Daily apt download activities.
[[0;32m  OK  [0mcloud-init[873]: |    . = So       |
[   28.099525] cloud-init] Started Daily apt upgrade and clean activities.
[[0;32m  OK  [0m] Reached target Timers.[873]: |     + = +o..o   |
[[0;32m  OK  [0m] Reached target Cloud-config availability.

[   28.113935] cloud-init[873]: |    o o * o+= .  |
[[0;32m  OK  [0m] Started Availability of block devices.[   28.122295] cloud-init[873]: |     oo+.= X..   |
[[0;32m  OK  [0m] Listening on Socket activation for snappy daemon.
[[0;32m  OK  [0m
[   28.131374] cloud-init] Listening on LXD - unix socket.
[[0;32m  OK  [0m] Reached target Sockets.
[[0;32m  OK  [0m] Reached target Basic System.[873]: |     oEoo *.+..  |
[   28.141694] cloud-init[873]: +----[SHA256]-----+

         Starting Pollinate to seed the pseudo random number generator...
[[0;32m  OK  [0m] Started Deferred execution scheduler.
[[0;32m  OK  [0m] Started irqbalance daemon.
         Starting LSB: automatic crash report generation...
         Starting Virtualbox guest utils...
         Starting Permit User Sessions...
[[0;32m  OK  [0m] Started D-Bus System Message Bus.
[[0;32m  OK  [0m] Started Regular background program processing daemon.
         Starting Dispatcher daemon for systemd-networkd...
         Starting Login Service...
         Starting Accounts Service...
         Starting LXD - container startup/shutdown...
[[0;32m  OK  [0m] Reached target Login Prompts (Pre).
[[0;32m  OK  [0m] Started FUSE filesystem for LXC.
         Starting Snap Daemon...
         Starting LSB: Record successful boot for GRUB...
         Starting System Logging Service...
[[0;32m  OK  [0m] Started Permit User Sessions.
         Starting Hold until boot process finishes up...
         Starting Terminate Plymouth Boot Screen...
[[0;32m  OK  [0m] Started Hold until boot process finishes up.
[[0;32m  OK  [0m] Started Serial Getty on ttyS0.
         Starting Set console scheme...
[[0;32m  OK  [0m] Started Terminate Plymouth Boot Screen.
[[0;32m  OK  [0m] Started Set console scheme.
[[0;32m  OK  [0m] Started Login Service.
[[0;32m  OK  [0m] Started Unattended Upgrades Shutdown.
[[0;32m  OK  [0m] Created slice system-getty.slice.
[[0;32m  OK  [0m] Started Getty on tty1.
[[0;32m  OK  [0m] Reached target Login Prompts.
         Starting Authorization Manager...
[[0;32m  OK  [0m] Started System Logging Service.
[[0;32m  OK  [0m] Started LSB: automatic crash report generation.
[[0;32m  OK  [0m] Started LXD - container startup/shutdown.
[[0;32m  OK  [0m] Started Authorization Manager.
[[0;32m  OK  [0m] Started Accounts Service.
[[0;32m  OK  [0m] Started LSB: Record successful boot for GRUB.
[[0;32m  OK  [0m] Started Virtualbox guest utils.
[[0;32m  OK  [0m] Started Dispatcher daemon for systemd-networkd.
[[0;32m  OK  [0m] Started Snap Daemon.
         Starting Wait until snapd is fully seeded...
[[0;32m  OK  [0m] Started Pollinate to seed the pseudo random number generator.
         Starting OpenBSD Secure Shell server...
[[0;32m  OK  [0m] Started OpenBSD Secure Shell server.
[[0;32m  OK  [0m] Created slice User Slice of vagrant.
         Starting User Manager for UID 1000...
[[0;32m  OK  [0m] Started Session 1 of user vagrant.
[[0;32m  OK  [0m] Started User Manager for UID 1000.

Ubuntu 18.04.6 LTS ubuntu-bionic ttyS0

ubuntu-bionic login: [   45.580593] cloud-init[1462]: Cloud-init v. 23.1.2-0ubuntu0~18.04.1 running 'modules:config' at Sat, 02 Dec 2023 05:16:29 +0000. Up 43.33 seconds.
ci-info: no authorized SSH keys fingerprints found for user ubuntu.
<14>Dec  2 05:16:34 cloud-init: #############################################################
<14>Dec  2 05:16:34 cloud-init: -----BEGIN SSH HOST KEY FINGERPRINTS-----
<14>Dec  2 05:16:34 cloud-init: 1024 SHA256:H63RmIN2hinbLKgltVEg32NGERr7CbqkqWlDb5GaLx4 root@ubuntu-bionic (DSA)
<14>Dec  2 05:16:34 cloud-init: 256 SHA256:ZEk1XarJMLRccI1Dbn75dsWpTwsOqa0SDfCBxi9XH1k root@ubuntu-bionic (ECDSA)
<14>Dec  2 05:16:34 cloud-init: 256 SHA256:jvMU/pylTY0oa2IOJZ1xc5wQETjcbazTPueO9QqQC/o root@ubuntu-bionic (ED25519)
<14>Dec  2 05:16:34 cloud-init: 2048 SHA256:EX8GA01RjIXpt+Iq2WVxwUYUBMPeP96ht+JmgBeUACU root@ubuntu-bionic (RSA)
<14>Dec  2 05:16:34 cloud-init: -----END SSH HOST KEY FINGERPRINTS-----
<14>Dec  2 05:16:34 cloud-init: #############################################################
-----BEGIN SSH HOST KEY KEYS-----
ecdsa-sha2-nistp256 AAAAE2VjZHNhLXNoYTItbmlzdHAyNTYAAAAIbmlzdHAyNTYAAABBBGpXjHf8blaDG5iqSj6Qs0o97FMA1FCfFg4DVBYu83LIpM1UaN8+LxsKitQ4bKE4i5x2wFJYlughsZIWho2tlKY= root@ubuntu-bionic
ssh-ed25519 AAAAC3NzaC1lZDI1NTE5AAAAIHriQNAeqbjMobR7DSn7sEMQs0dS7se27gFz6Kvp1WiQ root@ubuntu-bionic
ssh-rsa AAAAB3NzaC1yc2EAAAADAQABAAABAQDH7KWOrHzjnQTJSxZC+UW++iTYSrczGqyA4kjCawmqAjpZ8A60No4gPBN7GaCG5kcMCxvBch8RIrI76FpRjQif/8lJZ6csTgvDBWAxAJkJ+zKELI7dUtA30rfnaVo6oVmdXiNnAr45qWZmPbeJ063T8DdTpB9h0MCTYVYFVrejIYK+0b2i9t4QbpRIb39OCQBN8MiuKY4XeJriXXcwvPALqJeS9Bap5uagSI915Q5e+1GyKlI0fxVZuDZ6I+fjBicy1eoOf8QZXjPy20Zg6YpA80Sb+CvigIqm940OezAR2RSV2HZAPV+qexKMIco7RNmjWVqgYn/l7Rtl9u5SE4NT root@ubuntu-bionic
-----END SSH HOST KEY KEYS-----
[   49.392965] cloud-init[1608]: Cloud-init v. 23.1.2-0ubuntu0~18.04.1 running 'modules:final' at Sat, 02 Dec 2023 05:16:34 +0000. Up 48.38 seconds.
[   49.395346] cloud-init[1608]: Cloud-init v. 23.1.2-0ubuntu0~18.04.1 finished at Sat, 02 Dec 2023 05:16:35 +0000. Datasource DataSourceNoCloud [seed=/dev/sdb][d[[0;32m  OK  [0m] Stopped Unattended Upgrades Shut[[0;32m  OK  [0m] Stopped Unattended Upgrades Shutdown.
         Stopping User Manager for UID 1000...
         Stopping Authorization Manager...
         Stopping Session 8 of user vagrant.
[[0;32m  OK  [0m] Stopped target Cloud-init target.
[[0;32m  OK  [0m] Stopped Execute cloud user/final scripts.
[[0;32m  OK  [0m] Stopped Apply the settings specified in cloud-config.
[[0;32m  OK  [0m] Closed Load/Save RF Kill Switch Status /dev/rfkill Watch.
[[0;32m  OK  [0m] Stopped target Graphical Interface.
[[0;32m  OK  [0m] Stopped target Timers.
[[0;32m  OK  [0m] Stopped Daily apt upgrade and clean activities.
[[0;32m  OK  [0m] Stopped Daily apt download activities.
[[0;32m  OK  [0m] Stopped target Cloud-config availability.
[[0;32m  OK  [0m] Stopped Daily Cleanup of Temporary Directories.
[[0;32m  OK  [0m] Stopped Message of the Day.
[[0;32m  OK  [0m] Stopped target Multi-User System.
         Stopping LSB: automatic crash report generation...
         Stopping FUSE filesystem for LXC...
         Stopping The Apache HTTP Server...
         Stopping LXD - container startup/shutdown...
         Stopping System Logging Service...
[[0;32m  OK  [0m] Stopped target Login Prompts.
         Stopping Serial Getty on ttyS0...
         Stopping Getty on tty1...
         Stopping Virtualbox guest utils...
         Stopping Deferred execution scheduler...
         Stopping LSB: Record successful boot for GRUB...
         Stopping OpenBSD Secure Shell server...
         Stopping Regular background program processing daemon...
         Stopping Availability of block devices...
         Stopping Dispatcher daemon for systemd-networkd...
[[0;32m  OK  [0m] Stopped Discard unused blocks once a week.
[[0;32m  OK  [0m] Stopped target System Time Synchronized.
[[0;32m  OK  [0m] Stopped Wait until snapd is fully seeded.
         Stopping D-Bus System Message Bus...
         Stopping Accounts Service...
[[0;32m  OK  [0m] Unmounted /var/lib/lxcfs.
[[0;32m  OK  [0m] Stopped Regular background program processing daemon.
[[0;32m  OK  [0m] Stopped Accounts Service.
[[0;32m  OK  [0m] Stopped Deferred execution scheduler.
[[0;32m  OK  [0m] Stopped System Logging Service.
[[0;32m  OK  [0m] Stopped Dispatcher daemon for systemd-networkd.
[[0;32m  OK  [0m] Stopped Serial Getty on ttyS0.
[[0;32m  OK  [0m] Stopped Getty on tty1.
[[0;32m  OK  [0m] Stopped Authorization Manager.
[[0;32m  OK  [0m] Stopped OpenBSD Secure Shell server.
[[0;32m  OK  [0m] Stopped User Manager for UID 1000.
[[0;32m  OK  [0m] Stopped D-Bus System Message Bus.
[[0;32m  OK  [0m] Stopped FUSE filesystem for LXC.
[[0;32m  OK  [0m] Stopped Session 8 of user vagrant.
[[0;32m  OK  [0m] Removed slice User Slice of vagrant.
         Stopping Login Service...
[[0;32m  OK  [0m] Removed slice system-getty.slice.
[[0;32m  OK  [0m] Removed slice system-serial\x2dgetty.slice.
[[0;32m  OK  [0m] Stopped target Login Prompts (Pre).
         Stopping Permit User Sessions...
[[0;32m  OK  [0m] Stopped Login Service.
[[0;32m  OK  [0m] Stopped LXD - container startup/shutdown.
[[0;32m  OK  [0m] Stopped LSB: Record successful boot for GRUB.
[[0;32m  OK  [0m] Stopped Permit User Sessions.
[[0;32m  OK  [0m] Stopped target User and Group Name Lookups.
[[0;32m  OK  [0m] Stopped LSB: automatic crash report generation.
[[0;32m  OK  [0m] Stopped Availability of block devices.
[[0;32m  OK  [0m] Stopped The Apache HTTP Server.
[[0;32m  OK  [0m] Stopped target Remote File Systems.
         Unmounting /vagrant...
[[0;32m  OK  [0m] Stopped target Host and Network Name Lookups.
[[0;32m  OK  [0m] Stopped Virtualbox guest utils.
[[0;32m  OK  [0m] Unmounted /vagrant.
[[0;32m  OK  [0m] Stopped target Network is Online.
[[0;32m  OK  [0m] Stopped target Network.
         Stopping Open vSwitch...
         Stopping Network Name Resolution...
[[0;32m  OK  [0m] Stopped target Remote File Systems (Pre).
[[0;32m  OK  [0m] Stopped Network Name Resolution.
[[0;32m  OK  [0m] Stopped Open vSwitch.
         Stopping Open vSwitch Forwarding Unit...
         Stopping Network Service...
[[0;32m  OK  [0m] Stopped Network Service.
[[0;32m  OK  [0m] Stopped Open vSwitch Forwarding Unit.
         Stopping Open vSwitch Database Unit...
[[0;32m  OK  [0m] Stopped Open vSwitch Database Unit.
[[0;32m  OK  [0m] Stopped target Basic System.
[[0;32m  OK  [0m] Stopped target Sockets.
[[0;32m  OK  [0m] Closed D-Bus System Message Bus Socket.
[[0;32m  OK  [0m] Closed cloud-init hotplug hook socket.
[[0;32m  OK  [0m] Closed UUID daemon activation socket.
[[0;32m  OK  [0m] Closed Open-iSCSI iscsid Socket.
[[0;32m  OK  [0m] Closed ACPID Listen Socket.
[[0;32m  OK  [0m] Closed LXD - unix socket.
[[0;32m  OK  [0m] Closed Socket activation for snappy daemon.
[[0;32m  OK  [0m] Closed Syslog Socket.
[[0;32m  OK  [0m] Stopped target Paths.
[[0;32m  OK  [0m] Stopped ACPI Events Check.
[[0;32m  OK  [0m] Stopped target System Initialization.
[[0;32m  OK  [0m] Stopped Initial cloud-init job (metadata service crawler).
[[0;32m  OK  [0m] Stopped target Local Encrypted Volumes.
[[0;32m  OK  [0m] Stopped Dispatch Password Requests to Console Directory Watch.
[[0;32m  OK  [0m] Stopped Commit a transient machine-id on disk.
[[0;32m  OK  [0m] Stopped Apply Kernel Variables.
[[0;32m  OK  [0m] Stopped Load Kernel Modules.
         Stopping Load/Save Random Seed...
         Stopping Update UTMP about System Boot/Shutdown...
[[0;32m  OK  [0m] Stopped Forward Password Requests to Wall Directory Watch.
[[0;32m  OK  [0m] Stopped target Slices.
[[0;32m  OK  [0m] Removed slice User and Session Slice.
[[0;32m  OK  [0m] Stopped target Network (Pre).
[[0;32m  OK  [0m] Stopped Initial cloud-init job (pre-networking).
[[0;32m  OK  [0m] Stopped Load/Save Random Seed.
[[0;32m  OK  [0m] Stopped Update UTMP about System Boot/Shutdown.
[[0;32m  OK  [0m] Stopped Create Volatile Files and Directories.
[[0;32m  OK  [0m] Stopped target Local File Systems.
[[0;32m  OK  [0m] Stopped target Mounted snaps.
[[0;32m  OK  [0m] Stopped target Mounting snaps.
         Unmounting /run/user/1000...
[[0;32m  OK  [0m] Unmounted /run/user/1000.
[[0;32m  OK  [0m] Reached target Unmount All Filesystems.
[[0;32m  OK  [0m] Stopped target Local File Systems (Pre).
[[0;32m  OK  [0m] Stopped Create Static Device Nodes in /dev.
         Stopping Monitoring of LVM2 mirrorsâ€¦ng dmeventd or progress polling...
[[0;32m  OK  [0m] Stopped Remount Root and Kernel File Systems.
[[0;32m  OK  [0m] Stopped target Swap.
[[0;32m  OK  [0m] Reached target Shutdown.
[[0;32m  OK  [0m] Reached target Final Step.
         Starting Power-Off...
[ 2793.077639] reboot: Power down
